// Jest Snapshot v1, https://goo.gl/fbAQLP

exports[`TaskSetting should match snapshot 1`] = `ShallowWrapper {}`;
