// Jest Snapshot v1, https://goo.gl/fbAQLP

exports[`Task Setting Popup should match snapshot 1`] = `ReactWrapper {}`;
