// Jest Snapshot v1, https://goo.gl/fbAQLP

exports[`FilterSelector should match snapshot 1`] = `ReactWrapper {}`;
