// Jest Snapshot v1, https://goo.gl/fbAQLP

exports[`FilterSelector should match snapshow 1`] = `ReactWrapper {}`;
